== 1deck_h17_das_65: 1 deck, H17, DAS, 6:5
RuleSet(n_decks=1, penetration=0.6, h17=True, das=True, double='any', max_hands=2, resplit_aces=False, hit_split_aces=False, peek=True, surrender=False, insurance=True, bj_payout=1.2, n_seats=3)
hi_lo: trained in 187s
hi_lo: evaluated in 59s
hi_opt_1: trained in 188s
hi_opt_1: evaluated in 57s
hi_opt_2: trained in 189s
hi_opt_2: evaluated in 58s
omega_2: trained in 179s
omega_2: evaluated in 57s
zen: trained in 170s
zen: evaluated in 58s
wong_halves: trained in 179s
wong_halves: evaluated in 56s
ko: trained in 171s
ko: evaluated in 55s
wrote docs\1deck_h17_das_65/
== 2deck_h17_das: 2 decks, H17, DAS, 3:2
RuleSet(n_decks=2, penetration=0.65, h17=True, das=True, double='any', max_hands=2, resplit_aces=False, hit_split_aces=False, peek=True, surrender=False, insurance=True, bj_payout=1.5, n_seats=3)
hi_lo: trained in 172s
hi_lo: evaluated in 55s
hi_opt_1: trained in 180s
hi_opt_1: evaluated in 58s
hi_opt_2: trained in 185s
hi_opt_2: evaluated in 59s
omega_2: trained in 173s
omega_2: evaluated in 55s
zen: trained in 170s
zen: evaluated in 56s
wong_halves: trained in 168s
wong_halves: evaluated in 54s
ko: trained in 180s
ko: evaluated in 61s
wrote docs\2deck_h17_das/
== 6deck_h17_das_ls: 6 decks, H17, DAS, surrender, 3:2
RuleSet(n_decks=6, penetration=0.75, h17=True, das=True, double='any', max_hands=4, resplit_aces=False, hit_split_aces=False, peek=True, surrender=True, insurance=True, bj_payout=1.5, n_seats=3)
hi_lo: trained in 172s
hi_lo: evaluated in 55s
hi_opt_1: trained in 180s
hi_opt_1: evaluated in 56s
hi_opt_2: trained in 171s
hi_opt_2: evaluated in 55s
omega_2: trained in 166s
omega_2: evaluated in 55s
zen: trained in 169s
zen: evaluated in 53s
wong_halves: trained in 167s
wong_halves: evaluated in 54s
ko: trained in 168s
ko: evaluated in 58s
wrote docs\6deck_h17_das_ls/
== 6deck_s17_das_ls_rsa: 6 decks, S17, DAS, surrender, RSA, 3:2 (high limit)
RuleSet(n_decks=6, penetration=0.75, h17=False, das=True, double='any', max_hands=4, resplit_aces=True, hit_split_aces=False, peek=True, surrender=True, insurance=True, bj_payout=1.5, n_seats=3)
hi_lo: trained in 165s
hi_lo: evaluated in 54s
hi_opt_1: trained in 165s
hi_opt_1: evaluated in 54s
hi_opt_2: trained in 164s
hi_opt_2: evaluated in 52s
omega_2: trained in 162s
omega_2: evaluated in 54s
zen: trained in 163s
zen: evaluated in 52s
wong_halves: trained in 162s
wong_halves: evaluated in 54s
ko: trained in 170s
ko: evaluated in 54s
wrote docs\6deck_s17_das_ls_rsa/
== 8deck_h17_das_ls: 8 decks, H17, DAS, surrender, 3:2
RuleSet(n_decks=8, penetration=0.75, h17=True, das=True, double='any', max_hands=4, resplit_aces=False, hit_split_aces=False, peek=True, surrender=True, insurance=True, bj_payout=1.5, n_seats=3)
hi_lo: trained in 179s
hi_lo: evaluated in 55s
hi_opt_1: trained in 165s
hi_opt_1: evaluated in 52s
hi_opt_2: trained in 162s
hi_opt_2: evaluated in 53s
omega_2: trained in 168s
omega_2: evaluated in 53s
zen: trained in 165s
zen: evaluated in 52s
wong_halves: trained in 162s
wong_halves: evaluated in 53s
ko: trained in 161s
ko: evaluated in 52s
wrote docs\8deck_h17_das_ls/
updated README recap
